#
# There is insufficient memory for the Java Runtime Environment to continue.
# Native memory allocation (mmap) failed to map 201326592 bytes. Error detail: G1 virtual space
# Possible reasons:
#   The system is out of physical RAM or swap space
#   This process is running with CompressedOops enabled, and the Java Heap may be blocking the growth of the native heap
# Possible solutions:
#   Reduce memory load on the system
#   Increase physical memory or swap space
#   Check if swap backing store is full
#   Decrease Java heap size (-Xmx/-Xms)
#   Decrease number of Java threads
#   Decrease Java thread stack sizes (-Xss)
#   Set larger code cache with -XX:ReservedCodeCacheSize=
#   JVM is running with Zero Based Compressed Oops mode in which the Java heap is
#     placed in the first 32GB address space. The Java Heap base address is the
#     maximum limit for the native heap growth. Please use -XX:HeapBaseMinAddress
#     to set the Java Heap base and to place the Java Heap above 32GB virtual address.
# This output file may be truncated or incomplete.
#
#  Out of Memory Error (os_windows.cpp:3554), pid=15732, tid=14296
#
# JRE version:  (25.0.2+10) (build )
# Java VM: Java HotSpot(TM) 64-Bit Server VM (25.0.2+10-LTS-69, mixed mode, sharing, tiered, compressed oops, compressed class ptrs, g1 gc, windows-amd64)
# No core dump will be written. Minidumps are not enabled by default on client versions of Windows
#

---------------  S U M M A R Y ------------

Command Line: -Dfile.encoding=IBM850 --module-path=C:\Users\HP\.m2\repository\org\openjfx\javafx-base\21\javafx-base-21-win.jar;C:\Users\HP\.m2\repository\org\openjfx\javafx-base\21\javafx-base-21.jar;C:\Users\HP\.m2\repository\org\openjfx\javafx-controls\21\javafx-controls-21-win.jar;C:\Users\HP\.m2\repository\org\openjfx\javafx-controls\21\javafx-controls-21.jar;C:\Users\HP\.m2\repository\org\openjfx\javafx-fxml\21\javafx-fxml-21-win.jar;C:\Users\HP\.m2\repository\org\openjfx\javafx-fxml\21\javafx-fxml-21.jar;C:\Users\HP\.m2\repository\org\openjfx\javafx-graphics\21\javafx-graphics-21-win.jar;C:\Users\HP\.m2\repository\org\openjfx\javafx-graphics\21\javafx-graphics-21.jar --add-modules=javafx.base,javafx.controls,javafx.fxml,javafx.graphics com.pocketpilot.main.Main

Host: Intel(R) Core(TM) i5-4200M CPU @ 2.50GHz, 4 cores, 11G,  Windows 10 , 64 bit Build 19041 (10.0.19041.5915)
Time: Thu Aug 13 13:50:48 2026 Pakistan Standard Time elapsed time: 0.035304 seconds (0d 0h 0m 0s)

---------------  T H R E A D  ---------------

Current thread (0x000001674b6bf860):  JavaThread "Unknown thread" [_thread_in_vm, id=14296, stack(0x0000000e69500000,0x0000000e69600000) (1024K)]

Stack: [0x0000000e69500000,0x0000000e69600000]
Native frames: (J=compiled Java code, j=interpreted, Vv=VM code, C=native code)
V  [jvm.dll+0x7a70f9]  (no source info available)
V  [jvm.dll+0x772d6d]  (no source info available)
V  [jvm.dll+0x965d53]  (no source info available)
V  [jvm.dll+0x968351]  (no source info available)
V  [jvm.dll+0x968a63]  (no source info available)
V  [jvm.dll+0x2fc846]  (no source info available)
V  [jvm.dll+0x7a3325]  (no source info available)
V  [jvm.dll+0x796737]  (no source info available)
V  [jvm.dll+0x3f4988]  (no source info available)
V  [jvm.dll+0x3fc8d6]  (no source info available)
V  [jvm.dll+0x3e8f7e]  (no source info available)
V  [jvm.dll+0x3e9238]  (no source info available)
V  [jvm.dll+0x3c0145]  (no source info available)
V  [jvm.dll+0x3c0dce]  (no source info available)
V  [jvm.dll+0x92cdf7]  (no source info available)
V  [jvm.dll+0x458f02]  (no source info available)
V  [jvm.dll+0x9107a2]  (no source info available)
V  [jvm.dll+0x4f9331]  (no source info available)
V  [jvm.dll+0x4fabc1]  (no source info available)
C  [jli.dll+0x543e]  (no source info available)
C  [ucrtbase.dll+0x21bb2]  (no source info available)
C  [KERNEL32.DLL+0x17374]  (no source info available)
C  [ntdll.dll+0x4cc91]  (no source info available)

Lock stack of current Java thread (top to bottom):


---------------  P R O C E S S  ---------------

Threads class SMR info:
_java_thread_list=0x00007ff8813b5388, length=0, elements={
}

Java Threads: ( => current thread )
Total: 0

Other Threads:
  0x000001674d937650 WorkerThread "GC Thread#0"                     [id=15388, stack(0x0000000e69600000,0x0000000e69700000) (1024K)]
  0x000001674d94a6c0 ConcurrentGCThread "G1 Main Marker"            [id=9084, stack(0x0000000e69700000,0x0000000e69800000) (1024K)]
  0x000001674d94ba00 WorkerThread "G1 Conc#0"                       [id=692, stack(0x0000000e69800000,0x0000000e69900000) (1024K)]

[error occurred during error reporting (printing all threads), id 0xc0000005, EXCEPTION_ACCESS_VIOLATION (0xc0000005) at pc=0x00007ff880a94f1a]
VM state: not at safepoint (not fully initialized)

VM Mutex/Monitor currently owned by a thread:  ([mutex/lock_event])
[0x00007ff881439768] Heap_lock - owner thread: 0x000001674b6bf860

Heap address: 0x0000000741400000, size: 3052 MB, Compressed Oops mode: Zero based, Oop shift amount: 3

CDS archive(s) mapped at: [0x0000000000000000-0x0000000000000000-0x0000000000000000), size 0, SharedBaseAddress: 0x0000000800000000, ArchiveRelocationMode: 1.
UseCompressedClassPointers 1, UseCompactObjectHeaders 0
Narrow klass pointer bits 32, Max shift 3
Narrow klass base: 0xffffffffffffffff, Narrow klass shift: -1
Encoding Range: [0xffffffffffffffff - 0x000000007fffffff), (2147483648 bytes)
Klass Range:    [0x0000000000000000 - 0x0000000000000000), (0 bytes)
Klass ID Range:  [4294967295 - 0) (1)
No protection zone.

GC Precious Log:
 CardTable entry size: 512
 Card Set container configuration: InlinePtr #cards 4 size 8 Array Of Cards #cards 16 size 48 Howl #buckets 8 coarsen threshold 3686 Howl Bitmap #cards 512 size 80 coarsen threshold 460 Card regions per heap region 1 cards per card region 4096

Heap:
 garbage-first heap   total reserved 3125248K, committed 0K, used 0K [0x0000000741400000, 0x0000000800000000)
  region size 2048K, 0 young (0K), 0 survivors (0K)

Heap Regions: E=young(eden), S=young(survivor), O=old, HS=humongous(starts), HC=humongous(continues), CS=collection set, F=free, TAMS=top-at-mark-start, PB=parsable bottom

Card table byte_map: [0x0000016765780000,0x0000016765d80000] _byte_map_base: 0x0000016761d76000

Marking Bits: (CMBitMap*) 0x000001674d937de0
 Bits: [0x0000016765d80000, 0x0000016768d30000)

GC Heap Usage History (0 events):
No events

Metaspace Usage History (0 events):
No events

Dll operation events (1 events):
Event: 0.026 Loaded shared library C:\Program Files\Java\jdk-25.0.2\bin\java.dll

Deoptimization events (0 events):
No events

Classes loaded (0 events):
No events

Classes unloaded (0 events):
No events

Classes redefined (0 events):
No events

Internal exceptions (0 events):
No events

VM Operations (0 events):
No events

Memory protections (0 events):
No events

Nmethod flushes (0 events):
No events

Events (0 events):
No events


Dynamic libraries:
0x00007ff66c390000 - 0x00007ff66c3a0000 	C:\Program Files\Java\jdk-25.0.2\bin\java.exe
0x00007ff8f70f0000 - 0x00007ff8f72e8000 	C:\Windows\SYSTEM32\ntdll.dll
0x00007ff8f6c60000 - 0x00007ff8f6d22000 	C:\Windows\System32\KERNEL32.DLL
0x00007ff8f4b40000 - 0x00007ff8f4e36000 	C:\Windows\System32\KERNELBASE.dll
0x00007ff8f4ef0000 - 0x00007ff8f4ff0000 	C:\Windows\System32\ucrtbase.dll
0x00007ff8e0fc0000 - 0x00007ff8e0fde000 	C:\Program Files\Java\jdk-25.0.2\bin\VCRUNTIME140.dll
0x00007ff8ef490000 - 0x00007ff8ef4a7000 	C:\Program Files\Java\jdk-25.0.2\bin\jli.dll
0x00007ff8f66b0000 - 0x00007ff8f6851000 	C:\Windows\System32\USER32.dll
0x00007ff8f4780000 - 0x00007ff8f47a2000 	C:\Windows\System32\win32u.dll
0x00007ff8f3b20000 - 0x00007ff8f3dbb000 	C:\Windows\WinSxS\amd64_microsoft.windows.common-controls_6595b64144ccf1df_6.0.19041.6456_none_60b8a6cb71f64256\COMCTL32.dll
0x00007ff8f53b0000 - 0x00007ff8f544e000 	C:\Windows\System32\msvcrt.dll
0x00007ff8f6040000 - 0x00007ff8f606b000 	C:\Windows\System32\GDI32.dll
0x00007ff8f4ff0000 - 0x00007ff8f5109000 	C:\Windows\System32\gdi32full.dll
0x00007ff8f47b0000 - 0x00007ff8f484d000 	C:\Windows\System32\msvcp_win.dll
0x00007ff8f6070000 - 0x00007ff8f609f000 	C:\Windows\System32\IMM32.DLL
0x00007ff8ea750000 - 0x00007ff8ea75c000 	C:\Program Files\Java\jdk-25.0.2\bin\vcruntime140_1.dll
0x00007ff8d0d50000 - 0x00007ff8d0ddd000 	C:\Program Files\Java\jdk-25.0.2\bin\msvcp140.dll
0x00007ff8806c0000 - 0x00007ff88151f000 	C:\Program Files\Java\jdk-25.0.2\bin\server\jvm.dll
0x00007ff8f6ff0000 - 0x00007ff8f70a1000 	C:\Windows\System32\ADVAPI32.dll
0x00007ff8f6590000 - 0x00007ff8f662f000 	C:\Windows\System32\sechost.dll
0x00007ff8f5180000 - 0x00007ff8f52a0000 	C:\Windows\System32\RPCRT4.dll
0x00007ff8f4ec0000 - 0x00007ff8f4ee7000 	C:\Windows\System32\bcrypt.dll
0x00007ff8f6400000 - 0x00007ff8f646b000 	C:\Windows\System32\WS2_32.dll
0x00007ff8e1560000 - 0x00007ff8e1587000 	C:\Windows\SYSTEM32\WINMM.dll
0x00007ff8f4370000 - 0x00007ff8f43bb000 	C:\Windows\SYSTEM32\POWRPROF.dll
0x00007ff8e17f0000 - 0x00007ff8e17fa000 	C:\Windows\SYSTEM32\VERSION.dll
0x00007ff8f3eb0000 - 0x00007ff8f3ec2000 	C:\Windows\SYSTEM32\UMPDC.dll
0x00007ff8f1fe0000 - 0x00007ff8f1ff2000 	C:\Windows\SYSTEM32\kernel.appcore.dll
0x00007ff8e7ad0000 - 0x00007ff8e7ada000 	C:\Program Files\Java\jdk-25.0.2\bin\jimage.dll
0x00007ff8f4160000 - 0x00007ff8f4361000 	C:\Windows\SYSTEM32\DBGHELP.DLL
0x00007ff8f3ef0000 - 0x00007ff8f3f24000 	C:\Windows\SYSTEM32\dbgcore.DLL
0x00007ff8f4a60000 - 0x00007ff8f4ae2000 	C:\Windows\System32\bcryptPrimitives.dll
0x00007ff8dd120000 - 0x00007ff8dd13f000 	C:\Program Files\Java\jdk-25.0.2\bin\java.dll
0x00007ff8f6860000 - 0x00007ff8f698b000 	C:\Windows\System32\ole32.dll
0x00007ff8f60a0000 - 0x00007ff8f63f4000 	C:\Windows\System32\combase.dll
0x00007ff8f58d0000 - 0x00007ff8f6040000 	C:\Windows\System32\SHELL32.dll

JVMTI agents: none

dbghelp: loaded successfully - version: 4.0.5 - missing functions: none
symbol engine: initialized successfully - sym options: 0x614 - pdb path: .;C:\Program Files\Java\jdk-25.0.2\bin;C:\Windows\SYSTEM32;C:\Windows\WinSxS\amd64_microsoft.windows.common-controls_6595b64144ccf1df_6.0.19041.6456_none_60b8a6cb71f64256;C:\Program Files\Java\jdk-25.0.2\bin\server

VM Arguments:
jvm_args: -Dfile.encoding=IBM850 --module-path=C:\Users\HP\.m2\repository\org\openjfx\javafx-base\21\javafx-base-21-win.jar;C:\Users\HP\.m2\repository\org\openjfx\javafx-base\21\javafx-base-21.jar;C:\Users\HP\.m2\repository\org\openjfx\javafx-controls\21\javafx-controls-21-win.jar;C:\Users\HP\.m2\repository\org\openjfx\javafx-controls\21\javafx-controls-21.jar;C:\Users\HP\.m2\repository\org\openjfx\javafx-fxml\21\javafx-fxml-21-win.jar;C:\Users\HP\.m2\repository\org\openjfx\javafx-fxml\21\javafx-fxml-21.jar;C:\Users\HP\.m2\repository\org\openjfx\javafx-graphics\21\javafx-graphics-21-win.jar;C:\Users\HP\.m2\repository\org\openjfx\javafx-graphics\21\javafx-graphics-21.jar --add-modules=javafx.base,javafx.controls,javafx.fxml,javafx.graphics 
java_command: com.pocketpilot.main.Main
java_class_path (initial): E:\javafx\PocketPilot\target\classes;C:\Users\HP\.m2\repository\com\madgag\animated-gif-lib\1.4\animated-gif-lib-1.4.jar
Launcher Type: SUN_STANDARD

[Global flags]
     intx CICompilerCount                          = 3                                         {product} {ergonomic}
     uint ConcGCThreads                            = 1                                         {product} {ergonomic}
     uint G1ConcRefinementThreads                  = 4                                         {product} {ergonomic}
   size_t G1HeapRegionSize                         = 2097152                                   {product} {ergonomic}
   size_t InitialHeapSize                          = 201326592                                 {product} {ergonomic}
   size_t MarkStackSize                            = 4194304                                   {product} {ergonomic}
   size_t MarkStackSizeMax                         = 536870912                                 {product} {ergonomic}
   size_t MaxHeapSize                              = 3200253952                                {product} {ergonomic}
   size_t MinHeapDeltaBytes                        = 2097152                                   {product} {ergonomic}
   size_t MinHeapSize                              = 8388608                                   {product} {ergonomic}
    uintx NonNMethodCodeHeapSize                   = 5832704                                {pd product} {ergonomic}
    uintx NonProfiledCodeHeapSize                  = 122945536                              {pd product} {ergonomic}
    uintx ProfiledCodeHeapSize                     = 122880000                              {pd product} {ergonomic}
    uintx ReservedCodeCacheSize                    = 251658240                              {pd product} {ergonomic}
     bool SegmentedCodeCache                       = true                                      {product} {ergonomic}
   size_t SoftMaxHeapSize                          = 3200253952                             {manageable} {ergonomic}
     bool UseCompressedOops                        = true                           {product lp64_product} {ergonomic}
     bool UseG1GC                                  = true                                      {product} {ergonomic}
     bool UseLargePagesIndividualAllocation        = false                                  {pd product} {ergonomic}

Logging:
Log output configuration:
 #0: stdout all=warning uptime,level,tags foldmultilines=false
 #1: stderr all=off uptime,level,tags foldmultilines=false

Release file:
<release file has not been read>
Environment Variables:
JAVA_HOME=C:\Program Files\Java\jdk-25.0.2
JAVA_TOOL_OPTIONS=-Dfile.encoding=IBM850
PATH=C:\Program Files\Common Files\Oracle\Java\javapath;C:\Windows\system32;C:\Windows;C:\Windows\System32\Wbem;C:\Windows\System32\WindowsPowerShell\v1.0\;C:\Windows\System32\OpenSSH\;C:\msys64\ucrt64\bin;C:\Program Files\Git\cmd;C:\Users\HP\AppData\Local\Microsoft\WindowsApps;C:\Users\HP\AppData\Local\Programs\Microsoft VS Code\bin
USERNAME=HP
OS=Windows_NT
PROCESSOR_IDENTIFIER=Intel64 Family 6 Model 60 Stepping 3, GenuineIntel
TMP=C:\Users\HP\AppData\Local\Temp
TEMP=C:\Users\HP\AppData\Local\Temp




Compilation memory statistics disabled.

Periodic native trim disabled

---------------  S Y S T E M  ---------------

OS:
 Windows 10 , 64 bit Build 19041 (10.0.19041.5915)
OS uptime: 2 days 2:07 hours

CPU: total 4 (initial active 4) (2 cores per cpu, 2 threads per core) family 6 model 60 stepping 3 microcode 0x27, cx8, cmov, fxsr, ht, mmx, sse, sse2, sse3, ssse3, sse4.1, sse4.2, popcnt, lzcnt, tsc, tscinvbit, avx, avx2, aes, erms, clmul, bmi1, bmi2, fma, vzeroupper, clflush, rdtscp, f16c
Processor Information for the first 4 processors :
  Max Mhz: 2501, Current Mhz: 2501, Mhz Limit: 2501

Memory: 4k page, system-wide physical 12201M (1610M free)
TotalPageFile size 13155M (AvailPageFile size 109M)
current process WorkingSet (physical memory assigned to process): 11M, peak: 11M
current process commit charge ("private bytes"): 52M, peak: 244M

vm_info: Java HotSpot(TM) 64-Bit Server VM (25.0.2+10-LTS-69) for windows-amd64 JRE (25.0.2+10-LTS-69), built on 2025-12-18T11:36:35Z with MS VC++ 17.13 (VS2022)

END.
